Microchip MPLAB XC8 Compiler V2.41

Linker command line:

-W-3 --edf=E:\XC8 Compiler\pic\dat\20230208172133_en.msgs -cn \
  -h+dist/default/production\Software.X.production.sym \
  --cmf=dist/default/production\Software.X.production.cmf -z -Q16F887 \
  -oC:\Users\irina\AppData\Local\Temp\xcAsij4.\driver_tmp_3.o \
  --defsym=__MPLAB_BUILD=1 --fixupoverflow=error \
  -Mdist/default/production/Software.X.production.map \
  --md=C:\Users\irina\AppData\Local\Temp\xcAsij4.\driver_tmp_0.dat -E1 \
  -ver=XC8 Compiler --acfsm=1493 -ACODE=00h-07FFhx4 -ASTRCODE=00h-01FFFh \
  -ASTRING=00h-0FFhx32 -ACONST=00h-0FFhx32 -AENTRY=00h-0FFhx32 \
  -ACOMMON=070h-07Fh -ABANK0=020h-06Fh -ABANK1=0A0h-0EFh \
  -ABANK2=0110h-016Fh -ABANK3=0190h-01EFh \
  -ARAM=020h-06Fh,0A0h-0EFh,0110h-016Fh,0190h-01EFh \
  -AABS1=020h-07Fh,0A0h-0EFh,0110h-016Fh,0190h-01EFh -ASFR0=00h-01Fh \
  -ASFR1=080h-09Fh -ASFR2=0100h-010Fh -ASFR3=0180h-018Fh \
  -ACONFIG=02007h-02008h -DCONFIG=2 -AIDLOC=02000h-02003h -DIDLOC=2 \
  -AEEDATA=00h-0FFh/02100h -peeprom_data=EEDATA -DEEDATA=2 -DCODE=2 \
  -DSTRCODE=2 -DSTRING=2 -DCONST=2 -DENTRY=2 \
  -preset_vec=00h,intentry=04h,init,end_init -ppowerup=CODE -pcinit=CODE \
  -pfunctab=ENTRY -k \
  C:\Users\irina\AppData\Local\Temp\xcAsij4.\driver_tmp_12.o \
  dist/default/production\Software.X.production.o 

Object code version is 3.11

Machine type is 16F887



                Name                               Link     Load   Length Selector   Space Scale
C:\Users\irina\AppData\Local\Temp\xcAsij4.\driver_tmp_12.o
                end_init                              E        E        3        8       0
                reset_vec                             0        0        3        0       0
                config                             2007     2007        2        0       4
                idloc                              2000     2000        4        0       5
dist/default/production\Software.X.production.o
                cinit                                11       11       1A        8       0
                intentry                              4        4        A        8       0
                config                             2007     2007        2        0       4
                idloc                              2000     2000        4        0       5
                text9                               FCC      FCC       34     1F98       0
                text8                               6DA      6DA       25        8       0
                text7                               F8C      F8C       1C     1F18       0
                text6                               283      283      1CF        8       0
                text5                                2B       2B      258        8       0
                text4                               FA8      FA8       24     1F50       0
                text3                               788      788       78      F10       0
                text2                               5DF      5DF       BA        8       0
                text1                               452      452       C7        8       0
                maintext                            519      519       C6        8       0
                cstackBANK0                          20       20       3B       20       1
                cstackCOMMON                         70       70        B       70       1
                inittext                            F79      F79       13     1EF2       0
                dataBANK1                            A0       A0       41       A0       1
                dataBANK0                            5D       5D        1       20       1
                bssBANK0                             5B       5B        2       20       1
                strings                             700      700       88      E00       0
                idataBANK1                          699      699       41        8       0
                idataBANK0                          6FF      6FF        1        8       0

TOTAL           Name                               Link     Load   Length     Space
        CLASS   CODE           
                end_init                              E        E        3         0
                cinit                                11       11       1A         0
                intentry                              4        4        A         0
                reset_vec                             0        0        3         0
                text9                               FCC      FCC       34         0
                text8                               6DA      6DA       25         0
                text7                               F8C      F8C       1C         0
                text6                               283      283      1CF         0
                text5                                2B       2B      258         0
                text4                               FA8      FA8       24         0
                text3                               788      788       78         0
                text2                               5DF      5DF       BA         0
                text1                               452      452       C7         0
                maintext                            519      519       C6         0
                inittext                            F79      F79       13         0
                idataBANK1                          699      699       41         0
                idataBANK0                          6FF      6FF        1         0

        CLASS   STRCODE        

        CLASS   STRING         
                strings                             700      700       88         0

        CLASS   CONST          

        CLASS   ENTRY          

        CLASS   COMMON         
                cstackCOMMON                         70       70        B         1

        CLASS   BANK0          
                cstackBANK0                          20       20       3B         1
                dataBANK0                            5D       5D        1         1
                bssBANK0                             5B       5B        2         1

        CLASS   BANK1          
                dataBANK1                            A0       A0       41         1

        CLASS   BANK2          

        CLASS   BANK3          

        CLASS   RAM            

        CLASS   ABS1           
                abs_s1                               7E       7E        2         1

        CLASS   SFR0           

        CLASS   SFR1           

        CLASS   SFR2           

        CLASS   SFR3           

        CLASS   CONFIG         
                config                             2007     2007        2         4

        CLASS   IDLOC          
                idloc                              2000     2000        4         5

        CLASS   EEDATA         

        CLASS   STACK          



SEGMENTS        Name                           Load    Length   Top    Selector   Space  Class     Delta

                reset_vec                      000000  000003  000003         0       0  CODE        2
                intentry                       000004  0006FC  000700         8       0  CODE        2
                cstackBANK0                    000020  00003E  00005E        20       1  BANK0       1
                cstackCOMMON                   000070  00000B  00007B        70       1  COMMON      1
                dataBANK1                      0000A0  000041  0000E1        A0       1  BANK1       1
                strings                        000700  000088  000788       E00       0  STRING      2
                text3                          000788  000078  000800       F10       0  CODE        2
                inittext                       000F79  000013  000F8C      1EF2       0  CODE        2
                text7                          000F8C  00001C  000FA8      1F18       0  CODE        2
                text4                          000FA8  000024  000FCC      1F50       0  CODE        2
                text9                          000FCC  000034  001000      1F98       0  CODE        2


UNUSED ADDRESS RANGES

        Name                Unused          Largest block    Delta
        BANK0            005E-006F             12           1
        BANK1            00E1-00EF              F           1
        BANK2            0110-016F             60           1
        BANK3            0190-01EF             60           1
        CODE             0003-0003              1           2
                         0800-0F78            779
                         1000-1FFF            800
        COMMON           007B-007D              3           1
        CONST            0003-0003              1           2
                         0800-0F78            100
                         1000-1FFF            100
        EEDATA           2100-21FF            100           2
        ENTRY            0003-0003              1           2
                         0800-0F78            100
                         1000-1FFF            100
        RAM              005E-006F             12           1
                         00E1-00EF              F
                         0110-016F             60
                         0190-01EF             60
        SFR0             0000-001F             20           1
        SFR1             0080-009F             20           1
        SFR2             0100-010F             10           1
        SFR3             0180-018F             10           1
        STRCODE          0003-0003              1           2
                         0800-0F78            779
                         1000-1FFF           1000
        STRING           0003-0003              1           2
                         0800-0F78            100
                         1000-1FFF            100

                                  Symbol Table

?___fladd                cstackCOMMON 0073
?___fldiv                cstackBANK0  0026
?___flsub                cstackBANK0  002C
?___fltol                cstackBANK0  0040
?___wmul                 cstackCOMMON 0073
?___xxtofl               cstackCOMMON 0073
Delay_Ms@j               cstackCOMMON 0077
Delay_Ms@s               cstackCOMMON 0073
_ANSEL                   (abs)        0188
_ANSELH                  (abs)        0189
_Delay_Ms                text7        0F8C
_GIE                     (abs)        005F
_INTE                    (abs)        005C
_INTF                    (abs)        0059
_OPTION_REGbits          (abs)        0081
_PEIE                    (abs)        005E
_PORTB                   (abs)        0006
_PORTBbits               (abs)        0006
_PORTCbits               (abs)        0007
_PORTD                   (abs)        0008
_T1CONbits               (abs)        0010
_TMR1H                   (abs)        000F
_TMR1IE                  (abs)        0460
_TMR1IF                  (abs)        0060
_TMR1L                   (abs)        000E
_TRISBbits               (abs)        0086
_TRISCbits               (abs)        0087
_TRISD                   (abs)        0088
_WPUB                    (abs)        0095
__H__absolute__          __absolute__ 0000
__Habs1                  abs1         0000
__Hbank0                 bank0        0000
__Hbank1                 bank1        0000
__Hbank2                 bank2        0000
__Hbank3                 bank3        0000
__HbssBANK0              bssBANK0     0000
__Hcinit                 cinit        002B
__Hclrtext               clrtext      0000
__Hcode                  code         0000
__Hcommon                common       0000
__Hconfig                config       2009
__HcstackBANK0           cstackBANK0  0000
__HcstackCOMMON          cstackCOMMON 0000
__HdataBANK0             dataBANK0    0000
__HdataBANK1             dataBANK1    0000
__Heeprom_data           eeprom_data  0000
__Hend_init              end_init     0011
__Hfunctab               functab      0000
__HidataBANK0            idataBANK0   0000
__HidataBANK1            idataBANK1   0000
__Hidloc                 idloc        2004
__Hinit                  init         000E
__Hinittext              inittext     0000
__Hintentry              intentry     000E
__Hmaintext              maintext     0000
__Hpowerup               powerup      0000
__Hram                   ram          0000
__Hreset_vec             reset_vec    0003
__Hsfr0                  sfr0         0000
__Hsfr1                  sfr1         0000
__Hsfr2                  sfr2         0000
__Hsfr3                  sfr3         0000
__Hspace_0               (abs)        1000
__Hspace_1               (abs)        00E1
__Hspace_2               (abs)        0000
__Hspace_3               (abs)        0000
__Hspace_4               (abs)        4010
__Hstack                 stack        0000
__Hstrings               strings      0000
__Htext                  text         0000
__L__absolute__          __absolute__ 0000
__Labs1                  abs1         0000
__Lbank0                 bank0        0000
__Lbank1                 bank1        0000
__Lbank2                 bank2        0000
__Lbank3                 bank3        0000
__LbssBANK0              bssBANK0     0000
__Lcinit                 cinit        0011
__Lclrtext               clrtext      0000
__Lcode                  code         0000
__Lcommon                common       0000
__Lconfig                config       0000
__LcstackBANK0           cstackBANK0  0000
__LcstackCOMMON          cstackCOMMON 0000
__LdataBANK0             dataBANK0    0000
__LdataBANK1             dataBANK1    0000
__Leeprom_data           eeprom_data  0000
__Lend_init              end_init     000E
__Lfunctab               functab      0000
__LidataBANK0            idataBANK0   0000
__LidataBANK1            idataBANK1   0000
__Lidloc                 idloc        0000
__Linit                  init         000E
__Linittext              inittext     0000
__Lintentry              intentry     0004
__Lmaintext              maintext     0000
__Lpowerup               powerup      0000
__Lram                   ram          0000
__Lreset_vec             reset_vec    0000
__Lsfr0                  sfr0         0000
__Lsfr1                  sfr1         0000
__Lsfr2                  sfr2         0000
__Lsfr3                  sfr3         0000
__Lspace_0               (abs)        0000
__Lspace_1               (abs)        0000
__Lspace_2               (abs)        0000
__Lspace_3               (abs)        0000
__Lspace_4               (abs)        0000
__Lstack                 stack        0000
__Lstrings               strings      0000
__Ltext                  text         0000
__S0                     (abs)        1000
__S1                     (abs)        00E1
__S3                     (abs)        0000
___fladd                 text5        002B
___fladd@a               cstackCOMMON 0077
___fladd@aexp            cstackBANK0  0029
___fladd@b               cstackCOMMON 0073
___fladd@bexp            cstackBANK0  002A
___fladd@grs             cstackBANK0  002B
___fladd@signs           cstackBANK0  0028
___fldiv                 text6        0283
___fldiv@a               cstackBANK0  0026
___fldiv@aexp            cstackBANK0  003F
___fldiv@b               cstackBANK0  002A
___fldiv@bexp            cstackBANK0  003E
___fldiv@grs             cstackBANK0  003A
___fldiv@new_exp         cstackBANK0  0038
___fldiv@rem             cstackBANK0  0033
___fldiv@sign            cstackBANK0  0037
___flsub                 text4        0FA8
___flsub@a               cstackBANK0  002C
___flsub@b               cstackBANK0  0030
___fltol                 text3        0788
___fltol@exp1            cstackBANK0  0049
___fltol@f1              cstackBANK0  0040
___fltol@sign1           cstackBANK0  0048
___int_sp                stack        0000
___latbits               (abs)        0002
___sp                    stack        0000
___stackhi               (abs)        0000
___stacklo               (abs)        0000
___wmul                  text8        06DA
___wmul@multiplicand     cstackCOMMON 0075
___wmul@multiplier       cstackCOMMON 0073
___wmul@product          cstackCOMMON 0077
___xxtofl                text2        05DF
___xxtofl@arg            cstackBANK0  0022
___xxtofl@exp            cstackBANK0  0021
___xxtofl@sign           cstackBANK0  0020
___xxtofl@val            cstackCOMMON 0073
__end_of_Delay_Ms        text7        0FA8
__end_of___fladd         text5        0283
__end_of___fldiv         text6        0452
__end_of___flsub         text4        0FCC
__end_of___fltol         text3        0800
__end_of___wmul          text8        06FF
__end_of___xxtofl        text2        0699
__end_of__initialization cinit        0027
__end_of__stringtab      strings      0706
__end_of_isr             text9        1000
__end_of_main            maintext     05DF
__end_of_notes           strings      0788
__end_of_soundPlay       text1        0519
__initialization         cinit        0011
__pbssBANK0              bssBANK0     005B
__pcstackBANK0           cstackBANK0  0020
__pcstackCOMMON          cstackCOMMON 0070
__pdataBANK0             dataBANK0    005D
__pdataBANK1             dataBANK1    00A0
__pidataBANK0            idataBANK0   06FF
__pidataBANK1            idataBANK1   0699
__pintentry              intentry     0004
__pmaintext              maintext     0519
__pstrings               strings      0700
__ptext1                 text1        0452
__ptext2                 text2        05DF
__ptext3                 text3        0788
__ptext4                 text4        0FA8
__ptext5                 text5        002B
__ptext6                 text6        0283
__ptext7                 text7        0F8C
__ptext8                 text8        06DA
__ptext9                 text9        0FCC
__stringbase             strings      0705
__stringtab              strings      0700
_duration                dataBANK1    00A0
_isr                     text9        0FCC
_main                    maintext     0519
_main$879                cstackBANK0  0058
_notes                   strings      0706
_soundPlay               text1        0452
_switchRitm              dataBANK0    005D
_timerH                  bssBANK0     005C
_timerL                  bssBANK0     005B
btemp                    (abs)        007E
end_of_initialization    cinit        0027
init_fetch0              inittext     0F79
init_ram0                inittext     0F7D
interrupt_function       intentry     0004
intlevel0                functab      0000
intlevel1                functab      0000
intlevel2                functab      0000
intlevel3                functab      0000
intlevel4                functab      0000
intlevel5                functab      0000
main@i                   cstackBANK0  005A
reset_vec                reset_vec    0000
saved_w                  (abs)        007E
soundPlay@duration       cstackBANK0  004C
soundPlay@freq           cstackBANK0  004A
soundPlay@period         cstackBANK0  0050
start                    init         000E
start_initialization     cinit        0011
wtemp0                   (abs)        007E


MODULE INFORMATION

Module		Function		Class		Link	Load	Size
test2.c
		_soundPlay     		CODE           	0452	0000	199
		_main          		CODE           	0519	0000	198
		_Delay_Ms      		CODE           	0F8C	0000	28
		_isr           		CODE           	0FCC	0000	52

test2.c estimated size: 477

E:\XC8 Compiler\pic\sources\c90\common\sprcdiv.c
		___fldiv       		CODE           	0283	0000	463

E:\XC8 Compiler\pic\sources\c90\common\sprcdiv.c estimated size: 463

E:\XC8 Compiler\pic\sources\c90\common\xxtofl.c
		___xxtofl      		CODE           	05DF	0000	186

E:\XC8 Compiler\pic\sources\c90\common\xxtofl.c estimated size: 186

shared
		_notes         		STRING         	0706	0000	130
		__stringtab    		STRING         	0700	0000	6
		__initialization		CODE           	0011	0000	22

shared estimated size: 158

E:\XC8 Compiler\pic\sources\c90\common\sprcadd.c
		___flsub       		CODE           	0FA8	0000	36
		___fladd       		CODE           	002B	0000	600

E:\XC8 Compiler\pic\sources\c90\common\sprcadd.c estimated size: 636

E:\XC8 Compiler\pic\sources\c90\common\Umul16.c
		___wmul        		CODE           	06DA	0000	37

E:\XC8 Compiler\pic\sources\c90\common\Umul16.c estimated size: 37

E:\XC8 Compiler\pic\sources\c90\common\fltol.c
		___fltol       		CODE           	0788	0000	120

E:\XC8 Compiler\pic\sources\c90\common\fltol.c estimated size: 120

